Resolved 85 packages in 57ms
Checked 82 packages in 1.58s
/ocean/projects/cis260205p/jke2/refseg-workspace/cleandift/.venv/lib64/python3.11/site-packages/torch/cuda/__init__.py:371: UserWarning: Found GPU0 Tesla V100-SXM2-32GB which is of compute capability (CC) 7.0.
The following list shows the CCs this version of PyTorch was built for and the hardware CCs it supports:
- 7.5 which supports hardware CC >=7.5,<8.0
- 8.0 which supports hardware CC >=8.0,<9.0 except {8.7}
- 8.6 which supports hardware CC >=8.6,<9.0 except {8.7}
- 9.0 which supports hardware CC >=9.0,<10.0
- 10.0 which supports hardware CC >=10.0,<11.0 except {10.1}
- 12.0 which supports hardware CC >=12.0,<13.0
Please follow the instructions at https://pytorch.org/get-started/locally/ to install a PyTorch release that supports one of these CUDA versions: 12.6, 12.8
  _warn_unsupported_code(d, device_cc, code_ccs)
/ocean/projects/cis260205p/jke2/refseg-workspace/cleandift/.venv/lib64/python3.11/site-packages/huggingface_hub/utils/_validators.py:205: UserWarning: The `local_dir_use_symlinks` argument is deprecated and ignored in `hf_hub_download`. Downloading to a local directory does not use symlinks anymore.
  warnings.warn(
Warning: You are sending unauthenticated requests to the HF Hub. Please set a HF_TOKEN to enable higher rate limits and faster downloads.
/ocean/projects/cis260205p/jke2/refseg-workspace/cleandift/.venv/lib64/python3.11/site-packages/torch/cuda/__init__.py:371: UserWarning: Found GPU0 Tesla V100-SXM2-32GB which is of compute capability (CC) 7.0.
The following list shows the CCs this version of PyTorch was built for and the hardware CCs it supports:
- 7.5 which supports hardware CC >=7.5,<8.0
- 8.0 which supports hardware CC >=8.0,<9.0 except {8.7}
- 8.6 which supports hardware CC >=8.6,<9.0 except {8.7}
- 9.0 which supports hardware CC >=9.0,<10.0
- 10.0 which supports hardware CC >=10.0,<11.0 except {10.1}
- 12.0 which supports hardware CC >=12.0,<13.0
Please follow the instructions at https://pytorch.org/get-started/locally/ to install a PyTorch release that supports one of these CUDA versions: 12.6, 12.8
  _warn_unsupported_code(d, device_cc, code_ccs)
Couldn't connect to the Hub: 401 Client Error. (Request ID: Root=1-6a3ab946-13d897da42648877112d994c;f1492c00-1eb4-4eb5-b604-cab56205e6b2)

Repository Not Found for url: https://huggingface.co/api/models/stabilityai/stable-diffusion-2-1.
Please make sure you specified the correct `repo_id` and `repo_type`.
If you are trying to access a private or gated repo, make sure you are authenticated and your token has the required permissions.
For more details, see https://huggingface.co/docs/huggingface_hub/authentication
Invalid username or password..
Will try to load from local cache.
Error executing job with overrides: ['data.dataset_dirs=[/ocean/projects/cis260205p/jke2/refseg-workspace/segmentation/datasets/expanded-refseg,/ocean/projects/cis260205p/jke2/refseg-workspace/segmentation/datasets/mixed-persp,/ocean/projects/cis260205p/jke2/refseg-workspace/UFM-train/datasets/shelf-optflow]', 'checkpoint_dir=/ocean/projects/cis260205p/jke2/cleandift-checkpoints/sd21-obsmask-multi', 'data.batch_size=8']
Error in call to target 'cleandift.sd_feature_extraction.StableFeatureAligner':
OSError('Cannot load model stabilityai/stable-diffusion-2-1: model is not cached locally and an error occurred while trying to fetch metadata from the Hub. Please check out the root cause in the stacktrace above.')
full_key: model

Set the environment variable HYDRA_FULL_ERROR=1 for a complete stack trace.
